// Jest Snapshot v1, https://goo.gl/fbAQLP

exports[`Snapshot 1`] = `
Object {
  "Resources": Object {
    "DotnetLambda87B89B9E": Object {
      "DependsOn": Array [
        "DotnetLambdaServiceRole476EB6D6",
      ],
      "Properties": Object {
        "Code": Object {
          "ImageUri": Object {
            "Fn::Join": Array [
              "",
              Array [
                Object {
                  "Ref": "AWS::AccountId",
                },
                ".dkr.ecr.",
                Object {
                  "Ref": "AWS::Region",
                },
                ".",
                Object {
                  "Ref": "AWS::URLSuffix",
                },
                "/aws-cdk/assets:fa160ccfb38f7de49c31758bdb932230d153ffec2886a02fd6f681072e1c494f",
              ],
            ],
          },
        },
        "PackageType": "Image",
        "Role": Object {
          "Fn::GetAtt": Array [
            "DotnetLambdaServiceRole476EB6D6",
            "Arn",
          ],
        },
      },
      "Type": "AWS::Lambda::Function",
    },
    "DotnetLambdaServiceRole476EB6D6": Object {
      "Properties": Object {
        "AssumeRolePolicyDocument": Object {
          "Statement": Array [
            Object {
              "Action": "sts:AssumeRole",
              "Effect": "Allow",
              "Principal": Object {
                "Service": "lambda.amazonaws.com",
              },
            },
          ],
          "Version": "2012-10-17",
        },
        "ManagedPolicyArns": Array [
          Object {
            "Fn::Join": Array [
              "",
              Array [
                "arn:",
                Object {
                  "Ref": "AWS::Partition",
                },
                ":iam::aws:policy/service-role/AWSLambdaBasicExecutionRole",
              ],
            ],
          },
        ],
      },
      "Type": "AWS::IAM::Role",
    },
  },
}
`;
